This is pdfTeX, Version 3.141592653-2.6-1.40.27 (MiKTeX 25.3) (preloaded format=pdflatex 2025.11.2)  15 AUG 2026 16:50
entering extended mode
 \write18 enabled.
 file:line:error style messages enabled.
 %&-line parsing enabled.
**d:/git_workspace/CD_paper/samplepaper.tex
(d:/git_workspace/CD_paper/samplepaper.tex
LaTeX2e <2024-11-01> patch level 2
L3 programming layer <2025-01-18>
(llncs.cls
Document Class: llncs 2024/01/29 v2.24 
 LaTeX document class for Lecture Notes in Computer Science
(D:\Programs\MiTeX\tex/latex/base\article.cls
Document Class: article 2024/06/29 v1.4n Standard LaTeX document class
(D:\Programs\MiTeX\tex/latex/base\size10.clo
File: size10.clo 2024/06/29 v1.4n Standard LaTeX file (size option)
)
\c@part=\count196
\c@section=\count197
\c@subsection=\count198
\c@subsubsection=\count199
\c@paragraph=\count266
\c@subparagraph=\count267
\c@figure=\count268
\c@table=\count269
\abovecaptionskip=\skip49
\belowcaptionskip=\skip50
\bibindent=\dimen141
) (D:\Programs\MiTeX\tex/latex/tools\multicol.sty
Package: multicol 2024/09/14 v1.9i multicolumn formatting (FMi)
\c@tracingmulticols=\count270
\mult@box=\box52
\multicol@leftmargin=\dimen142
\c@unbalance=\count271
\c@collectmore=\count272
\doublecol@number=\count273
\multicoltolerance=\count274
\multicolpretolerance=\count275
\full@width=\dimen143
\page@free=\dimen144
\premulticols=\dimen145
\postmulticols=\dimen146
\multicolsep=\skip51
\multicolbaselineskip=\skip52
\partial@page=\box53
\last@line=\box54
\mc@boxedresult=\box55
\maxbalancingoverflow=\dimen147
\mult@rightbox=\box56
\mult@grightbox=\box57
\mult@firstbox=\box58
\mult@gfirstbox=\box59
\@tempa=\box60
\@tempa=\box61
\@tempa=\box62
\@tempa=\box63
\@tempa=\box64
\@tempa=\box65
\@tempa=\box66
\@tempa=\box67
\@tempa=\box68
\@tempa=\box69
\@tempa=\box70
\@tempa=\box71
\@tempa=\box72
\@tempa=\box73
\@tempa=\box74
\@tempa=\box75
\@tempa=\box76
\@tempa=\box77
\@tempa=\box78
\@tempa=\box79
\@tempa=\box80
\@tempa=\box81
\@tempa=\box82
\@tempa=\box83
\@tempa=\box84
\@tempa=\box85
\@tempa=\box86
\@tempa=\box87
\@tempa=\box88
\@tempa=\box89
\@tempa=\box90
\@tempa=\box91
\@tempa=\box92
\@tempa=\box93
\@tempa=\box94
\@tempa=\box95
\c@minrows=\count276
\c@columnbadness=\count277
\c@finalcolumnbadness=\count278
\last@try=\dimen148
\multicolovershoot=\dimen149
\multicolundershoot=\dimen150
\mult@nat@firstbox=\box96
\colbreak@box=\box97
\mc@col@check@num=\count279
) (D:\Programs\MiTeX\tex/latex/oberdiek\aliascnt.sty
Package: aliascnt 2018/09/07 v1.5 Alias counters (HO)
)
\c@chapter=\count280
LaTeX Font Info:    Redeclaring math symbol \Gamma on input line 379.
LaTeX Font Info:    Redeclaring math symbol \Delta on input line 380.
LaTeX Font Info:    Redeclaring math symbol \Theta on input line 381.
LaTeX Font Info:    Redeclaring math symbol \Lambda on input line 382.
LaTeX Font Info:    Redeclaring math symbol \Xi on input line 383.
LaTeX Font Info:    Redeclaring math symbol \Pi on input line 384.
LaTeX Font Info:    Redeclaring math symbol \Sigma on input line 385.
LaTeX Font Info:    Redeclaring math symbol \Upsilon on input line 386.
LaTeX Font Info:    Redeclaring math symbol \Phi on input line 387.
LaTeX Font Info:    Redeclaring math symbol \Psi on input line 388.
LaTeX Font Info:    Redeclaring math symbol \Omega on input line 389.
LaTeX Info: Redefining \vec on input line 394.
\tocchpnum=\dimen151
\tocsecnum=\dimen152
\tocsectotal=\dimen153
\tocsubsecnum=\dimen154
\tocsubsectotal=\dimen155
\tocsubsubsecnum=\dimen156
\tocsubsubsectotal=\dimen157
\tocparanum=\dimen158
\tocparatotal=\dimen159
\tocsubparanum=\dimen160
\@tempcntc=\count281
\fnindent=\dimen161
\c@@inst=\count282
\c@@auth=\count283
\c@auco=\count284
\instindent=\dimen162
\authrun=\box98
\authorrunning=\toks17
\tocauthor=\toks18
\titrun=\box99
\titlerunning=\toks19
\toctitle=\toks20
\c@theorem=\count285
\c@case=\count286
\c@conjecture=\count287
\c@corollary=\count288
\c@definition=\count289
\c@example=\count290
\c@exercise=\count291
\c@lemma=\count292
\c@note=\count293
\c@problem=\count294
\c@property=\count295
\c@proposition=\count296
\c@question=\count297
\c@solution=\count298
\c@remark=\count299
\headlineindent=\dimen163
) (D:\Programs\MiTeX\tex/latex/base\inputenc.sty
Package: inputenc 2024/02/08 v1.3d Input encoding file
\inpenc@prehook=\toks21
\inpenc@posthook=\toks22
) (D:\Programs\MiTeX\tex/latex/base\fontenc.sty
Package: fontenc 2021/04/29 v2.0v Standard LaTeX package
) (D:\Programs\MiTeX\tex/generic/babel\babel.sty
Package: babel 2025/03/27 v25.6 The multilingual framework for pdfLaTeX, LuaLaTeX and XeLaTeX
\babel@savecnt=\count300
\U@D=\dimen164
\l@unhyphenated=\language79
 (D:\Programs\MiTeX\tex/generic/babel\txtbabel.def)
\bbl@readstream=\read2
\bbl@dirlevel=\count301

*************************************
* Local config file bblopts.cfg used
*
(D:\Programs\MiTeX\tex/latex/arabi\bblopts.cfg
File: bblopts.cfg 2005/09/08 v0.1 add Arabic and Farsi to "declared" options of babel
) (D:\Programs\MiTeX\tex/latex/babel-english\english.ldf
Language: english 2017/06/06 v3.3r English support from the babel system
Package babel Info: Hyphen rules for 'canadian' set to \l@english
(babel)             (\language0). Reported on input line 102.
Package babel Info: Hyphen rules for 'australian' set to \l@ukenglish
(babel)             (\language73). Reported on input line 105.
Package babel Info: Hyphen rules for 'newzealand' set to \l@ukenglish
(babel)             (\language73). Reported on input line 108.
)) (D:\Programs\MiTeX\tex/generic/babel/locale/en\babel-english.tex
Package babel Info: Importing font and identification data for english
(babel)             from babel-en.ini. Reported on input line 11.
) (D:\Programs\MiTeX\tex/latex/amsmath\amsmath.sty
Package: amsmath 2024/11/05 v2.17t AMS math features
\@mathmargin=\skip53

For additional information on amsmath, use the `?' option.
(D:\Programs\MiTeX\tex/latex/amsmath\amstext.sty
Package: amstext 2021/08/26 v2.01 AMS text
 (D:\Programs\MiTeX\tex/latex/amsmath\amsgen.sty
File: amsgen.sty 1999/11/30 v2.0 generic functions
\@emptytoks=\toks23
\ex@=\dimen165
)) (D:\Programs\MiTeX\tex/latex/amsmath\amsbsy.sty
Package: amsbsy 1999/11/29 v1.2d Bold Symbols
\pmbraise@=\dimen166
) (D:\Programs\MiTeX\tex/latex/amsmath\amsopn.sty
Package: amsopn 2022/04/08 v2.04 operator names
)
\inf@bad=\count302
LaTeX Info: Redefining \frac on input line 233.
\uproot@=\count303
\leftroot@=\count304
LaTeX Info: Redefining \overline on input line 398.
LaTeX Info: Redefining \colon on input line 409.
\classnum@=\count305
\DOTSCASE@=\count306
LaTeX Info: Redefining \ldots on input line 495.
LaTeX Info: Redefining \dots on input line 498.
LaTeX Info: Redefining \cdots on input line 619.
\Mathstrutbox@=\box100
\strutbox@=\box101
LaTeX Info: Redefining \big on input line 721.
LaTeX Info: Redefining \Big on input line 722.
LaTeX Info: Redefining \bigg on input line 723.
LaTeX Info: Redefining \Bigg on input line 724.
\big@size=\dimen167
LaTeX Font Info:    Redeclaring font encoding OML on input line 742.
LaTeX Font Info:    Redeclaring font encoding OMS on input line 743.


Package amsmath Warning: Unable to redefine math accent \vec.

\macc@depth=\count307
LaTeX Info: Redefining \bmod on input line 904.
LaTeX Info: Redefining \pmod on input line 909.
LaTeX Info: Redefining \smash on input line 939.
LaTeX Info: Redefining \relbar on input line 969.
LaTeX Info: Redefining \Relbar on input line 970.
\c@MaxMatrixCols=\count308
\dotsspace@=\muskip17
\c@parentequation=\count309
\dspbrk@lvl=\count310
\tag@help=\toks24
\row@=\count311
\column@=\count312
\maxfields@=\count313
\andhelp@=\toks25
\eqnshift@=\dimen168
\alignsep@=\dimen169
\tagshift@=\dimen170
\tagwidth@=\dimen171
\totwidth@=\dimen172
\lineht@=\dimen173
\@envbody=\toks26
\multlinegap=\skip54
\multlinetaggap=\skip55
\mathdisplay@stack=\toks27
LaTeX Info: Redefining \[ on input line 2953.
LaTeX Info: Redefining \] on input line 2954.
) (D:\Programs\MiTeX\tex/latex/amsfonts\amssymb.sty
Package: amssymb 2013/01/14 v3.01 AMS font symbols
 (D:\Programs\MiTeX\tex/latex/amsfonts\amsfonts.sty
Package: amsfonts 2013/01/14 v3.01 Basic AMSFonts support
\symAMSa=\mathgroup4
\symAMSb=\mathgroup5
LaTeX Font Info:    Redeclaring math symbol \hbar on input line 98.
LaTeX Font Info:    Overwriting math alphabet `\mathfrak' in version `bold'
(Font)                  U/euf/m/n --> U/euf/b/n on input line 106.
)) (D:\Programs\MiTeX\tex/latex/float\float.sty
Package: float 2001/11/08 v1.3d Float enhancements (AL)
\c@float@type=\count314
\float@exts=\toks28
\float@box=\box102
\@float@everytoks=\toks29
\@floatcapt=\box103
) (D:\Programs\MiTeX\tex/latex/graphics\graphicx.sty
Package: graphicx 2021/09/16 v1.2d Enhanced LaTeX Graphics (DPC,SPQR)
 (D:\Programs\MiTeX\tex/latex/graphics\keyval.sty
Package: keyval 2022/05/29 v1.15 key=value parser (DPC)
\KV@toks@=\toks30
) (D:\Programs\MiTeX\tex/latex/graphics\graphics.sty
Package: graphics 2024/08/06 v1.4g Standard LaTeX Graphics (DPC,SPQR)
 (D:\Programs\MiTeX\tex/latex/graphics\trig.sty
Package: trig 2023/12/02 v1.11 sin cos tan (DPC)
) (D:\Programs\MiTeX\tex/latex/graphics-cfg\graphics.cfg
File: graphics.cfg 2016/06/04 v1.11 sample graphics configuration
)
Package graphics Info: Driver file: pdftex.def on input line 106.
 (D:\Programs\MiTeX\tex/latex/graphics-def\pdftex.def
File: pdftex.def 2024/04/13 v1.2c Graphics/color driver for pdftex
))
\Gin@req@height=\dimen174
\Gin@req@width=\dimen175
) (D:\Programs\MiTeX\tex/latex/url\url.sty
\Urlmuskip=\muskip18
Package: url 2013/09/16  ver 3.4  Verb mode for urls, etc.
) (D:\Programs\MiTeX\tex/latex/booktabs\booktabs.sty
Package: booktabs 2020/01/12 v1.61803398 Publication quality tables
\heavyrulewidth=\dimen176
\lightrulewidth=\dimen177
\cmidrulewidth=\dimen178
\belowrulesep=\dimen179
\belowbottomsep=\dimen180
\aboverulesep=\dimen181
\abovetopsep=\dimen182
\cmidrulesep=\dimen183
\cmidrulekern=\dimen184
\defaultaddspace=\dimen185
\@cmidla=\count315
\@cmidlb=\count316
\@aboverulesep=\dimen186
\@belowrulesep=\dimen187
\@thisruleclass=\count317
\@lastruleclass=\count318
\@thisrulewidth=\dimen188
) (D:\Programs\MiTeX\tex/latex/tools\array.sty
Package: array 2024/10/17 v2.6g Tabular extension package (FMi)
\col@sep=\dimen189
\ar@mcellbox=\box104
\extrarowheight=\dimen190
\NC@list=\toks31
\extratabsurround=\skip56
\backup@length=\skip57
\ar@cellbox=\box105
) (D:\Programs\MiTeX\tex/latex/l3backend\l3backend-pdftex.def
File: l3backend-pdftex.def 2024-05-08 L3 backend support: PDF output (pdfTeX)
\l__color_backend_stack_int=\count319
\l__pdf_internal_box=\box106
) (samplepaper.aux)
\openout1 = `samplepaper.aux'.

LaTeX Font Info:    Checking defaults for OML/cmm/m/it on input line 22.
LaTeX Font Info:    ... okay on input line 22.
LaTeX Font Info:    Checking defaults for OMS/cmsy/m/n on input line 22.
LaTeX Font Info:    ... okay on input line 22.
LaTeX Font Info:    Checking defaults for OT1/cmr/m/n on input line 22.
LaTeX Font Info:    ... okay on input line 22.
LaTeX Font Info:    Checking defaults for T1/cmr/m/n on input line 22.
LaTeX Font Info:    ... okay on input line 22.
LaTeX Font Info:    Checking defaults for TS1/cmr/m/n on input line 22.
LaTeX Font Info:    ... okay on input line 22.
LaTeX Font Info:    Checking defaults for OMX/cmex/m/n on input line 22.
LaTeX Font Info:    ... okay on input line 22.
LaTeX Font Info:    Checking defaults for U/cmr/m/n on input line 22.
LaTeX Font Info:    ... okay on input line 22.
 (D:\Programs\MiTeX\tex/context/base/mkii\supp-pdf.mkii
[Loading MPS to PDF converter (version 2006.09.02).]
\scratchcounter=\count320
\scratchdimen=\dimen191
\scratchbox=\box107
\nofMPsegments=\count321
\nofMParguments=\count322
\everyMPshowfont=\toks32
\MPscratchCnt=\count323
\MPscratchDim=\dimen192
\MPnumerator=\count324
\makeMPintoPDFobject=\count325
\everyMPtoPDFconversion=\toks33
) (D:\Programs\MiTeX\tex/latex/epstopdf-pkg\epstopdf-base.sty
Package: epstopdf-base 2020-01-24 v2.11 Base part for package epstopdf
Package epstopdf-base Info: Redefining graphics rule for `.eps' on input line 485.
 (D:\Programs\MiTeX\tex/latex/00miktex\epstopdf-sys.cfg
File: epstopdf-sys.cfg 2021/03/18 v2.0 Configuration of epstopdf for MiKTeX
))
LaTeX Font Info:    Trying to load font information for U+msa on input line 41.
 (D:\Programs\MiTeX\tex/latex/amsfonts\umsa.fd
File: umsa.fd 2013/01/14 v3.01 AMS symbols A
)
LaTeX Font Info:    Trying to load font information for U+msb on input line 41.
 (D:\Programs\MiTeX\tex/latex/amsfonts\umsb.fd
File: umsb.fd 2013/01/14 v3.01 AMS symbols B
)

[1

{C:/Users/Admin/AppData/Local/MiKTeX/fonts/map/pdftex/pdftex.map}] (2-Techical-background/vi-technical-background.tex

[2])

[3] (3-Integrated-Framework-GCS/integrated-framework.tex

[4]

[5]) (5-Experimental-results/experimental-results-and-discussion.tex

[6]
<5-Experimental-results/figures/correlation_panels.pdf, id=44, 875.67104pt x 521.54805pt>
File: 5-Experimental-results/figures/correlation_panels.pdf Graphic file (type pdf)
<use 5-Experimental-results/figures/correlation_panels.pdf>
Package pdftex.def Info: 5-Experimental-results/figures/correlation_panels.pdf  used on input line 71.
(pdftex.def)             Requested size: 347.12354pt x 206.74535pt.


LaTeX Warning: `!h' float specifier changed to `!ht'.



[7]
Underfull \vbox (badness 1769) has occurred while \output is active []



[8 <./5-Experimental-results/figures/correlation_panels.pdf>]
<5-Experimental-results/figures/flappy_seed0_comparison.png, id=195, 2362.8275pt x 1545.775pt>
File: 5-Experimental-results/figures/flappy_seed0_comparison.png Graphic file (type png)
<use 5-Experimental-results/figures/flappy_seed0_comparison.png>
Package pdftex.def Info: 5-Experimental-results/figures/flappy_seed0_comparison.png  used on input line 130.
(pdftex.def)             Requested size: 166.61781pt x 108.99365pt.
<5-Experimental-results/figures/flappy_seed1_comparison.png, id=196, 2362.8275pt x 1545.775pt>
File: 5-Experimental-results/figures/flappy_seed1_comparison.png Graphic file (type png)
<use 5-Experimental-results/figures/flappy_seed1_comparison.png>
Package pdftex.def Info: 5-Experimental-results/figures/flappy_seed1_comparison.png  used on input line 131.
(pdftex.def)             Requested size: 166.61781pt x 108.99365pt.
<5-Experimental-results/figures/flappy_seed2_comparison.png, id=197, 2362.8275pt x 1545.775pt>
File: 5-Experimental-results/figures/flappy_seed2_comparison.png Graphic file (type png)
<use 5-Experimental-results/figures/flappy_seed2_comparison.png>
Package pdftex.def Info: 5-Experimental-results/figures/flappy_seed2_comparison.png  used on input line 132.
(pdftex.def)             Requested size: 166.61781pt x 108.99365pt.
<5-Experimental-results/figures/flappy_seed3_comparison.png, id=198, 2362.8275pt x 1545.775pt>
File: 5-Experimental-results/figures/flappy_seed3_comparison.png Graphic file (type png)
<use 5-Experimental-results/figures/flappy_seed3_comparison.png>
Package pdftex.def Info: 5-Experimental-results/figures/flappy_seed3_comparison.png  used on input line 133.
(pdftex.def)             Requested size: 166.61781pt x 108.99365pt.


[9 <./5-Experimental-results/figures/flappy_seed0_comparison.png (PNG copy)> <./5-Experimental-results/figures/flappy_seed1_comparison.png (PNG copy)> <./5-Experimental-results/figures/flappy_seed2_comparison.png (PNG copy)> <./5-Experimental-results/figures/flappy_seed3_comparison.png (PNG copy)>]) (samplepaper.bbl
Underfull \hbox (badness 3907) in paragraph at lines 7--12
[]\T1/cmr/m/n/9 Deits, R., Tedrake, R.: Com-put-ing large con-vex re-gions of obstacle-free
 []


Underfull \hbox (badness 4859) in paragraph at lines 7--12
\T1/cmr/m/n/9 space through semidef-i-nite pro-gram-ming. In: Al-go-rith-mic Foun-da-tions of
 []


Underfull \hbox (badness 10000) in paragraph at lines 7--12
\T1/cmr/m/n/9 https://doi.org/10.1007/978-3-319-16595-0_7, $\T1/cmtt/m/n/9 https : / / groups . csail . mit . edu /
 []



[10]
Underfull \hbox (badness 5345) in paragraph at lines 14--18
[]\T1/cmr/m/n/9 Kavraki, L.E., Svestka, P., Latombe, J.C., Over-mars, M.H.: Prob-a-bilis-
 []


Underfull \hbox (badness 3281) in paragraph at lines 14--18
\T1/cmr/m/n/9 tic roadmaps for path plan-ning in high-dimensional con-fig-u-ra-tion spaces.
 []


Underfull \hbox (badness 4108) in paragraph at lines 14--18
\T1/cmr/m/n/9 IEEE Trans-ac-tions on Robotics and Au-toma-tion \T1/cmr/bx/n/9 12\T1/cmr/m/n/9 (4), 566--580 (1996).
 []


Underfull \hbox (badness 1859) in paragraph at lines 24--27
[]\T1/cmr/m/n/9 Lien, J.M., Am-ato, N.M.: Ap-prox-i-mate con-vex de-com-po-si-tion of poly-gons.
 []


Underfull \hbox (badness 1881) in paragraph at lines 29--33
[]\T1/cmr/m/n/9 Marcucci, T., Pe-tersen, M., von Wrangell, D., Tedrake, R.: Mo-tion plan-
 []

)

[11] (samplepaper.aux)
 ***********
LaTeX2e <2024-11-01> patch level 2
L3 programming layer <2025-01-18>
 ***********
 ) 
Here is how much of TeX's memory you used:
 4781 strings out of 473523
 73719 string characters out of 5727617
 486012 words of memory out of 5000000
 27926 multiletter control sequences out of 15000+600000
 573845 words of font info for 74 fonts, out of 8000000 for 9000
 1141 hyphenation exceptions out of 8191
 57i,10n,65p,664b,444s stack positions out of 10000i,1000n,20000p,200000b,200000s
 <C:\Users\Admin\AppData\Local\MiKTeX\fonts/pk/ljfour/jknappen/ec/dpi600\ecrm0700.pk> <C:\Users\Admin\AppData\Local\MiKTeX\fonts/pk/ljfour/jknappen/ec/dpi600\ectt1000.pk> <C:\Users\Admin\AppData\Local\MiKTeX\fonts/pk/ljfour/jknappen/ec/dpi600\ecbx1000.pk> <C:\Users\Admin\AppData\Local\MiKTeX\fonts/pk/ljfour/jknappen/ec/dpi600\ecbx1200.pk> <C:\Users\Admin\AppData\Local\MiKTeX\fonts/pk/ljfour/jknappen/ec/dpi600\tcrm0900.pk> <C:\Users\Admin\AppData\Local\MiKTeX\fonts/pk/ljfour/jknappen/ec/dpi600\ecbx0900.pk> <C:\Users\Admin\AppData\Local\MiKTeX\fonts/pk/ljfour/jknappen/ec/dpi600\ectt0900.pk> <C:\Users\Admin\AppData\Local\MiKTeX\fonts/pk/ljfour/jknappen/ec/dpi600\ecrm0900.pk> <C:\Users\Admin\AppData\Local\MiKTeX\fonts/pk/ljfour/jknappen/ec/dpi600\ecrm1000.pk> <C:\Users\Admin\AppData\Local\MiKTeX\fonts/pk/ljfour/jknappen/ec/dpi600\ecbx1440.pk><D:/Programs/MiTeX/fonts/type1/public/amsfonts/cm/cmbx10.pfb><D:/Programs/MiTeX/fonts/type1/public/amsfonts/cm/cmex10.pfb><D:/Programs/MiTeX/fonts/type1/public/amsfonts/cm/cmmi10.pfb><D:/Programs/MiTeX/fonts/type1/public/amsfonts/cm/cmmi5.pfb><D:/Programs/MiTeX/fonts/type1/public/amsfonts/cm/cmmi7.pfb><D:/Programs/MiTeX/fonts/type1/public/amsfonts/cm/cmmi9.pfb><D:/Programs/MiTeX/fonts/type1/public/amsfonts/cm/cmr10.pfb><D:/Programs/MiTeX/fonts/type1/public/amsfonts/cm/cmr5.pfb><D:/Programs/MiTeX/fonts/type1/public/amsfonts/cm/cmr6.pfb><D:/Programs/MiTeX/fonts/type1/public/amsfonts/cm/cmr7.pfb><D:/Programs/MiTeX/fonts/type1/public/amsfonts/cm/cmr9.pfb><D:/Programs/MiTeX/fonts/type1/public/amsfonts/cm/cmsy10.pfb><D:/Programs/MiTeX/fonts/type1/public/amsfonts/cm/cmsy5.pfb><D:/Programs/MiTeX/fonts/type1/public/amsfonts/cm/cmsy7.pfb><D:/Programs/MiTeX/fonts/type1/public/amsfonts/symbols/msbm10.pfb>
Output written on samplepaper.pdf (11 pages, 2066683 bytes).
PDF statistics:
 705 PDF objects out of 1000 (max. 8388607)
 0 named destinations out of 1000 (max. 500000)
 26 words of extra memory for PDF output out of 10000 (max. 10000000)

